[1780225074.2699313] Starting launcher, frozen=True, cwd=C:\Users\ASUS\Desktop\ai-mind
Starting server thread
Setting up tray icon
[1780225440.094324] Starting launcher, frozen=True, cwd=C:\Users\ASUS\Desktop\ai-mind
Starting server thread
Setting up tray icon
[1780225608.0669584] Starting launcher, frozen=True, cwd=C:\Users\ASUS\Desktop\ai-mind
Starting server thread
Setting up tray icon
[1780225663.6031902] Starting launcher, frozen=True, cwd=C:\Users\ASUS\Desktop\ai-mind
Starting server thread
Setting up tray icon
[1780226686.8195846] Starting launcher, frozen=True, cwd=C:\Users\ASUS\Desktop\ai-mind
Starting server thread
Setting up tray icon
[1780226805.8240275] Starting launcher, frozen=True, cwd=C:\Users\ASUS\Desktop\ai-mind
Starting server thread
Setting up tray icon
[1780227056.1162028] Starting launcher, frozen=True, cwd=C:\Users\ASUS\Desktop\ai-mind
Starting server thread
Setting up tray icon
[1780227180.9006214] Starting launcher, frozen=True, cwd=C:\Users\ASUS\Desktop\ai-mind
Starting server thread
Setting up tray icon
[1780227518.0103502] Starting launcher, frozen=False, cwd=C:\Users\ASUS\Desktop\ai-mind
Instance already running, opening browser and exiting
[1780227602.146204] Starting launcher, frozen=False, cwd=C:\Users\ASUS\Desktop\ai-mind
Starting server thread
Setting up tray icon
[1780227993.717019] Starting launcher, frozen=False, cwd=C:\Users\ASUS\Desktop\ai-mind
Starting server thread
Server configuring...
Server running...
Setting up tray icon
[1780228234.2033343] Starting launcher, frozen=True, cwd=C:\Users\ASUS\Desktop\ai-mind
Starting server thread
Server configuring...
Server running...
Setting up tray icon
[1780229479.0587747] Starting launcher, frozen=True, cwd=C:\Users\ASUS\Desktop\ai-mind
Starting server thread
Server configuring...
Setting up tray icon
[1780229519.9476645] Starting launcher, frozen=True, cwd=C:\Users\ASUS\Desktop\ai-mind
Starting server thread
Server configuring...
Setting up tray icon
[1780229538.2705674] Starting launcher, frozen=True, cwd=C:\Users\ASUS\Desktop\ai-mind
Starting server thread
Server configuring...
Setting up tray icon
[1780229816.2647936] Starting launcher, frozen=True, cwd=C:\Users\ASUS\Desktop\ai-mind
Starting server thread
Server configuring...
Setting up tray icon
[1780230084.1217854] Starting launcher, frozen=True, cwd=C:\Users\ASUS\Desktop\ai-mind
Starting server thread
Server configuring...
Server running...
Setting up tray icon
[1780230644.9356878] Starting launcher, frozen=True, cwd=C:\Users\ASUS\Desktop\ai-mind
Starting server thread
Server configuring...
Server running...
Setting up tray icon
[1780230706.4568577] Starting launcher, frozen=True, cwd=C:\Users\ASUS\Desktop\ai-mind
Starting server thread
Server configuring...
Server running...
Setting up tray icon
[1780372934.4223003] Starting launcher, frozen=True, cwd=C:\Users\ASUS\Desktop\ai-mind
Starting server thread
Server configuring...
Server running...
Setting up tray icon
[1781232915.981117] Starting launcher, frozen=True, cwd=C:\Users\ASUS\Desktop\ai-mind
Starting server thread
Server configuring...
Server running...
Setting up tray icon
[1781234426.4451945] Starting launcher, frozen=True, cwd=C:\Users\ASUS\Desktop\ai-mind
Starting server thread
Server configuring...
Server running...
Setting up tray icon
[1781234823.153752] Starting launcher, frozen=True, cwd=C:\Users\ASUS\Desktop\ai-mind
Starting server thread
Server configuring...
Server running...
Setting up tray icon
[1781237763.844004] Starting launcher, frozen=True, cwd=C:\Users\ASUS\Desktop\ai-mind
Starting server thread
Server configuring...
Server running...
Setting up tray icon
[1781247043.2318037] Starting launcher, frozen=True, cwd=C:\Users\ASUS\Desktop\ai-mind
Starting server thread
Server configuring...
Server running...
Setting up tray icon
[1781257631.1956625] Starting launcher, frozen=True, cwd=C:\Users\ASUS\Desktop\ai-mind
Starting server thread
Server configuring...
Server running...
Setting up tray icon
[1781260375.25982] Starting launcher, frozen=True, cwd=C:\Users\ASUS\Desktop\ai-mind
Starting server thread
Server configuring...
Server running...
Setting up tray icon
[1781323758.9069266] Starting launcher, frozen=True, cwd=C:\Users\ASUS\Desktop\ai-mind
Starting server thread
Server configuring...
Server running...
Setting up tray icon
[1781324333.5152397] Starting launcher, frozen=True, cwd=C:\Users\ASUS\Desktop\ai-mind
Starting server thread
Server configuring...
Server running...
Setting up tray icon
[1781326143.1489844] Starting launcher, frozen=True, cwd=C:\Users\ASUS\Desktop\ai-mind
Starting server thread
Server configuring...
Server running...
Setting up tray icon
[1781326791.5665958] Starting launcher, frozen=True, cwd=C:\Users\ASUS\Desktop\ai-mind
Starting server thread
Server configuring...
Server running...
Setting up tray icon
[1781327070.0608878] Starting launcher, frozen=True, cwd=C:\Users\ASUS\Desktop\ai-mind
Starting server thread
Server configuring...
Server running...
Setting up tray icon
[1781327274.662859] Starting launcher, frozen=True, cwd=C:\Users\ASUS\Desktop\ai-mind
Starting server thread
Server configuring...
Server running...
Setting up tray icon
[1781371130.1720617] Starting launcher, frozen=True, cwd=C:\Users\ASUS\Desktop\ai-mind
Starting server thread
Server configuring...
Server running...
Setting up tray icon
[1781371472.8792372] Starting launcher, frozen=False, cwd=C:\Users\ASUS\Desktop\ai-mind
Starting server thread
Server configuring...
Server running...
Setting up tray icon
[1781407152.8229663] Starting launcher, frozen=True, cwd=C:\Users\ASUS\Desktop\ai-mind
Starting server thread
Server configuring...
Server running...
Setting up tray icon
[1781407373.807927] Starting launcher, frozen=True, cwd=C:\Users\ASUS\Desktop\ai-mind
Starting server thread
Server configuring...
Server running...
Setting up tray icon
[1781407432.1709237] Starting launcher, frozen=True, cwd=C:\Users\ASUS\Desktop\ai-mind
Starting server thread
Server configuring...
Server running...
Setting up tray icon
[1781407461.7915306] Starting launcher, frozen=True, cwd=C:\Users\ASUS\Desktop\ai-mind
Instance already running, opening browser and exiting
